// Jest Snapshot v1, https://goo.gl/fbAQLP

exports[`renders 1`] = `
<div
  className="container"
>
  <div>
    test
  </div>
</div>
`;
